2025-11-13 09:39:27 - __main__ - INFO - Logging initialized. Log file: runs/training.log
2025-11-13 09:39:27 - __main__ - INFO - Python version: 3.14.0 (main, Oct 28 2025, 16:39:41) [GCC 13.3.0]
2025-11-13 09:39:27 - __main__ - INFO - PyTorch version: 2.9.0+cu128
2025-11-13 09:39:27 - __main__ - INFO - CUDA available: True
2025-11-13 09:39:27 - __main__ - INFO - CUDA device: NVIDIA GeForce RTX 4060
2025-11-13 09:39:27 - __main__ - INFO - ================================================================================
2025-11-13 09:39:27 - __main__ - INFO - BlobMaster Training - AlphaZero Self-Play Pipeline
2025-11-13 09:39:27 - __main__ - INFO - ================================================================================
2025-11-13 09:39:27 - __main__ - INFO - Config saved to models/checkpoints/config.json
2025-11-13 09:39:27 - __main__ - INFO - Configuration validated successfully
2025-11-13 09:39:27 - __main__ - INFO - 
Training Configuration:
  Self-play: 100 games, 2 workers
  MCTS: 2 determinizations, 10 sims/det
  Training: batch=64, lr=0.001, epochs=2
  Evaluation: 50 games, threshold=0.55
  Network: 6 layers, 8 heads, dim=256
  Device: cuda, Mixed Precision: True
2025-11-13 09:39:27 - __main__ - INFO - Checkpoint directory: models/checkpoints
2025-11-13 09:39:27 - __main__ - INFO - Network created: 4,917,301 total parameters
2025-11-13 09:39:27 - __main__ - INFO - Trainable parameters: 4,917,301
2025-11-13 09:39:27 - __main__ - INFO - Network device: cuda
2025-11-13 09:39:27 - __main__ - INFO - State encoder and action masker created
2025-11-13 09:39:28 - __main__ - INFO - Training pipeline initialized
2025-11-13 09:39:28 - __main__ - INFO - Starting training for 2 iterations...
2025-11-13 09:40:23 - __main__ - INFO - Training completed successfully!
2025-11-13 09:56:11 - __main__ - INFO - Logging initialized. Log file: runs/training.log
2025-11-13 09:56:11 - __main__ - INFO - Python version: 3.14.0 (main, Oct 28 2025, 16:39:41) [GCC 13.3.0]
2025-11-13 09:56:11 - __main__ - INFO - PyTorch version: 2.9.0+cu128
2025-11-13 09:56:11 - __main__ - INFO - CUDA available: True
2025-11-13 09:56:11 - __main__ - INFO - CUDA device: NVIDIA GeForce RTX 4060
2025-11-13 09:56:11 - __main__ - INFO - ================================================================================
2025-11-13 09:56:11 - __main__ - INFO - BlobMaster Training - AlphaZero Self-Play Pipeline
2025-11-13 09:56:11 - __main__ - INFO - ================================================================================
2025-11-13 09:56:11 - __main__ - INFO - Config saved to models/checkpoints/config.json
2025-11-13 09:56:11 - __main__ - INFO - Configuration validated successfully
2025-11-13 09:56:11 - __main__ - INFO - 
Training Configuration:
  Self-play: 100 games, 2 workers
  MCTS: 2 determinizations, 10 sims/det
  Training: batch=64, lr=0.001, epochs=2
  Evaluation: 50 games, threshold=0.55
  Network: 6 layers, 8 heads, dim=256
  Device: cuda, Mixed Precision: True
2025-11-13 09:56:11 - __main__ - INFO - Checkpoint directory: models/checkpoints
2025-11-13 09:56:11 - __main__ - INFO - Network created: 4,917,301 total parameters
2025-11-13 09:56:11 - __main__ - INFO - Trainable parameters: 4,917,301
2025-11-13 09:56:11 - __main__ - INFO - Network device: cuda
2025-11-13 09:56:11 - __main__ - INFO - State encoder and action masker created
2025-11-13 09:56:12 - __main__ - INFO - Training pipeline initialized
2025-11-13 09:56:12 - __main__ - INFO - Starting training for 2 iterations...
2025-11-13 09:57:07 - __main__ - INFO - Training completed successfully!
2025-11-13 09:57:24 - __main__ - INFO - Logging initialized. Log file: runs/training.log
2025-11-13 09:57:24 - __main__ - INFO - Python version: 3.14.0 (main, Oct 28 2025, 16:39:41) [GCC 13.3.0]
2025-11-13 09:57:24 - __main__ - INFO - PyTorch version: 2.9.0+cu128
2025-11-13 09:57:24 - __main__ - INFO - CUDA available: True
2025-11-13 09:57:24 - __main__ - INFO - CUDA device: NVIDIA GeForce RTX 4060
2025-11-13 09:57:24 - __main__ - INFO - ================================================================================
2025-11-13 09:57:24 - __main__ - INFO - BlobMaster Training - AlphaZero Self-Play Pipeline
2025-11-13 09:57:24 - __main__ - INFO - ================================================================================
2025-11-13 09:57:24 - __main__ - INFO - Config saved to models/checkpoints/config.json
2025-11-13 09:57:24 - __main__ - INFO - Configuration validated successfully
2025-11-13 09:57:24 - __main__ - INFO - 
Training Configuration:
  Self-play: 100 games, 2 workers
  MCTS: 2 determinizations, 10 sims/det
  Training: batch=64, lr=0.001, epochs=2
  Evaluation: 50 games, threshold=0.55
  Network: 6 layers, 8 heads, dim=256
  Device: cuda, Mixed Precision: True
2025-11-13 09:57:24 - __main__ - INFO - Checkpoint directory: models/checkpoints
2025-11-13 09:57:24 - __main__ - INFO - Network created: 4,917,301 total parameters
2025-11-13 09:57:24 - __main__ - INFO - Trainable parameters: 4,917,301
2025-11-13 09:57:24 - __main__ - INFO - Network device: cuda
2025-11-13 09:57:24 - __main__ - INFO - State encoder and action masker created
2025-11-13 09:57:24 - __main__ - INFO - Training pipeline initialized
2025-11-13 09:57:24 - __main__ - INFO - Starting training for 2 iterations...
2025-11-13 09:58:19 - __main__ - INFO - Training completed successfully!
2025-11-14 15:21:21 - __main__ - INFO - Logging initialized. Log file: runs/training.log
2025-11-14 15:21:21 - __main__ - INFO - Python version: 3.14.0 (main, Oct 28 2025, 16:39:41) [GCC 13.3.0]
2025-11-14 15:21:21 - __main__ - INFO - PyTorch version: 2.9.0+cu128
2025-11-14 15:21:21 - __main__ - INFO - CUDA available: True
2025-11-14 15:21:21 - __main__ - INFO - CUDA device: NVIDIA GeForce RTX 4060
2025-11-14 15:21:21 - __main__ - INFO - ================================================================================
2025-11-14 15:21:21 - __main__ - INFO - BlobMaster Training - AlphaZero Self-Play Pipeline
2025-11-14 15:21:21 - __main__ - INFO - ================================================================================
2025-11-14 15:21:21 - __main__ - INFO - Config saved to models/checkpoints/config.json
2025-11-14 15:21:21 - __main__ - INFO - Configuration validated successfully
2025-11-14 15:21:21 - __main__ - INFO - 
Training Configuration:
  Self-play: 100 games, 2 workers
  MCTS: 2 determinizations, 10 sims/det
  Training: batch=64, lr=0.001, epochs=2
  Evaluation: 50 games, threshold=0.55
  Network: 6 layers, 8 heads, dim=256
  Device: cuda, Mixed Precision: True
2025-11-14 15:21:21 - __main__ - INFO - Checkpoint directory: models/checkpoints
2025-11-14 15:21:21 - __main__ - INFO - Network created: 4,917,301 total parameters
2025-11-14 15:21:21 - __main__ - INFO - Trainable parameters: 4,917,301
2025-11-14 15:21:21 - __main__ - INFO - Network device: cuda
2025-11-14 15:21:21 - __main__ - INFO - State encoder and action masker created
2025-11-14 15:21:21 - __main__ - INFO - Training pipeline initialized
2025-11-14 15:21:21 - __main__ - INFO - Starting training for 1 iterations...
2025-11-14 15:22:30 - __main__ - INFO - Logging initialized. Log file: runs/training.log
2025-11-14 15:22:30 - __main__ - INFO - Python version: 3.14.0 (main, Oct 28 2025, 16:39:41) [GCC 13.3.0]
2025-11-14 15:22:30 - __main__ - INFO - PyTorch version: 2.9.0+cu128
2025-11-14 15:22:30 - __main__ - INFO - CUDA available: True
2025-11-14 15:22:30 - __main__ - INFO - CUDA device: NVIDIA GeForce RTX 4060
2025-11-14 15:22:30 - __main__ - INFO - ================================================================================
2025-11-14 15:22:30 - __main__ - INFO - BlobMaster Training - AlphaZero Self-Play Pipeline
2025-11-14 15:22:30 - __main__ - INFO - ================================================================================
2025-11-14 15:22:30 - __main__ - INFO - Config saved to models/checkpoints/config.json
2025-11-14 15:22:30 - __main__ - INFO - Configuration validated successfully
2025-11-14 15:22:30 - __main__ - INFO - 
Training Configuration:
  Self-play: 100 games, 2 workers
  MCTS: 2 determinizations, 10 sims/det
  Training: batch=64, lr=0.001, epochs=2
  Evaluation: 50 games, threshold=0.55
  Network: 6 layers, 8 heads, dim=256
  Device: cuda, Mixed Precision: True
2025-11-14 15:22:30 - __main__ - INFO - Checkpoint directory: models/checkpoints
2025-11-14 15:22:30 - __main__ - INFO - Network created: 4,917,301 total parameters
2025-11-14 15:22:30 - __main__ - INFO - Trainable parameters: 4,917,301
2025-11-14 15:22:30 - __main__ - INFO - Network device: cuda
2025-11-14 15:22:30 - __main__ - INFO - State encoder and action masker created
2025-11-14 15:22:30 - __main__ - INFO - Training pipeline initialized
2025-11-14 15:22:30 - __main__ - INFO - Starting training for 1 iterations...
2025-11-14 15:24:47 - __main__ - INFO - Logging initialized. Log file: runs/training.log
2025-11-14 15:24:47 - __main__ - INFO - Python version: 3.14.0 (main, Oct 28 2025, 16:39:41) [GCC 13.3.0]
2025-11-14 15:24:47 - __main__ - INFO - PyTorch version: 2.9.0+cu128
2025-11-14 15:24:47 - __main__ - INFO - CUDA available: True
2025-11-14 15:24:47 - __main__ - INFO - CUDA device: NVIDIA GeForce RTX 4060
2025-11-14 15:24:47 - __main__ - INFO - ================================================================================
2025-11-14 15:24:47 - __main__ - INFO - BlobMaster Training - AlphaZero Self-Play Pipeline
2025-11-14 15:24:47 - __main__ - INFO - ================================================================================
2025-11-14 15:24:47 - __main__ - INFO - Config saved to models/checkpoints/config.json
2025-11-14 15:24:47 - __main__ - INFO - Configuration validated successfully
2025-11-14 15:24:47 - __main__ - INFO - 
Training Configuration:
  Self-play: 10000 games, 32 workers
  MCTS: 3 determinizations, 30 sims/det
  Training: batch=512, lr=0.001, epochs=10
  Evaluation: 400 games, threshold=0.55
  Network: 6 layers, 8 heads, dim=256
  Device: cuda, Mixed Precision: True
2025-11-14 15:24:47 - __main__ - INFO - Checkpoint directory: models/checkpoints
2025-11-14 15:24:48 - __main__ - INFO - Network created: 4,917,301 total parameters
2025-11-14 15:24:48 - __main__ - INFO - Trainable parameters: 4,917,301
2025-11-14 15:24:48 - __main__ - INFO - Network device: cuda
2025-11-14 15:24:48 - __main__ - INFO - State encoder and action masker created
2025-11-14 15:24:48 - __main__ - INFO - Training pipeline initialized
2025-11-14 15:24:48 - __main__ - INFO - Starting training for 500 iterations...
2025-11-21 17:02:25 - __main__ - INFO - Logging initialized. Log file: runs/training.log
2025-11-21 17:02:25 - __main__ - INFO - Python version: 3.14.0 (main, Nov 21 2025, 10:23:23) [GCC 13.3.0]
2025-11-21 17:02:25 - __main__ - INFO - PyTorch version: 2.9.1+cu128
2025-11-21 17:02:25 - __main__ - INFO - CUDA available: True
2025-11-21 17:02:25 - __main__ - INFO - CUDA device: NVIDIA GeForce RTX 4060
2025-11-21 17:02:25 - __main__ - INFO - ================================================================================
2025-11-21 17:02:25 - __main__ - INFO - BlobMaster Training - AlphaZero Self-Play Pipeline
2025-11-21 17:02:25 - __main__ - INFO - ================================================================================
2025-11-21 17:02:25 - __main__ - INFO - Config saved to models/checkpoints/config.json
2025-11-21 17:02:25 - __main__ - INFO - Configuration validated successfully
2025-11-21 17:02:25 - __main__ - INFO - 
Training Configuration:
  Self-play: 100 games, 2 workers
  MCTS: 2 determinizations, 10 sims/det
  Training: batch=64, lr=0.001, epochs=2
  Evaluation: 50 games, threshold=0.55
  Network: 6 layers, 8 heads, dim=256
  Device: cuda, Mixed Precision: True
2025-11-21 17:02:25 - __main__ - INFO - Checkpoint directory: models/checkpoints
2025-11-21 17:02:25 - __main__ - INFO - Network created: 4,917,301 total parameters
2025-11-21 17:02:25 - __main__ - INFO - Trainable parameters: 4,917,301
2025-11-21 17:02:25 - __main__ - INFO - Network device: cuda
2025-11-21 17:02:25 - __main__ - INFO - State encoder and action masker created
2025-11-21 17:02:26 - __main__ - INFO - Training pipeline initialized
2025-11-21 17:02:26 - __main__ - INFO - Starting training for 5 iterations...
2025-11-21 22:05:49 - ml.training.trainer - INFO - Cleaning up resources...
2025-11-21 22:05:49 - ml.training.trainer - INFO - Shutting down self-play workers...
2025-11-21 22:05:49 - __main__ - ERROR - Training failed with error: 'model_state_dict'
Traceback (most recent call last):
  File "/home/kbuntu/Documents/Github/BlobMaster/ml/train.py", line 320, in run_training_pipeline
    pipeline.run_training(
    ~~~~~~~~~~~~~~~~~~~~~^
        num_iterations=num_iterations,
        ^^^^^^^^^^^^^^^^^^^^^^^^^^^^^^
        resume_from=resume_from,
        ^^^^^^^^^^^^^^^^^^^^^^^^
    )
    ^
  File "/home/kbuntu/Documents/Github/BlobMaster/ml/training/trainer.py", line 849, in run_training
    metrics = self.run_iteration(iteration)
  File "/home/kbuntu/Documents/Github/BlobMaster/ml/training/trainer.py", line 942, in run_iteration
    eval_metrics = self._evaluation_phase(iteration)
  File "/home/kbuntu/Documents/Github/BlobMaster/ml/training/trainer.py", line 1199, in _evaluation_phase
    best_model.load_state_dict(checkpoint['model_state_dict'])
                               ~~~~~~~~~~^^^^^^^^^^^^^^^^^^^^
KeyError: 'model_state_dict'
2025-11-24 09:52:40 - __main__ - INFO - Logging initialized. Log file: runs/training.log
2025-11-24 09:52:40 - __main__ - INFO - Python version: 3.14.0 (main, Nov 21 2025, 10:23:23) [GCC 13.3.0]
2025-11-24 09:52:40 - __main__ - INFO - PyTorch version: 2.9.1+cu128
2025-11-24 09:52:40 - __main__ - INFO - CUDA available: True
2025-11-24 09:52:40 - __main__ - INFO - CUDA device: NVIDIA GeForce RTX 4060
2025-11-24 09:52:40 - __main__ - INFO - ================================================================================
2025-11-24 09:52:40 - __main__ - INFO - BlobMaster Training - AlphaZero Self-Play Pipeline
2025-11-24 09:52:40 - __main__ - INFO - ================================================================================
2025-11-24 09:52:40 - __main__ - INFO - Config saved to models/checkpoints/config.json
2025-11-24 09:52:40 - __main__ - INFO - Configuration validated successfully
2025-11-24 09:52:40 - __main__ - INFO - 
Training Configuration:
  Self-play: 100 games, 32 workers
  MCTS: 1 determinizations, 15 sims/det
  Training: batch=64, lr=0.001, epochs=2
  Evaluation: 50 games, threshold=0.55
  Network: 6 layers, 8 heads, dim=256
  Device: cpu, Mixed Precision: True
2025-11-24 09:52:40 - __main__ - INFO - Checkpoint directory: models/checkpoints
2025-11-24 09:52:40 - __main__ - INFO - Network created: 4,917,301 total parameters
2025-11-24 09:52:40 - __main__ - INFO - Trainable parameters: 4,917,301
2025-11-24 09:52:40 - __main__ - INFO - Network device: cpu
2025-11-24 09:52:40 - __main__ - INFO - State encoder and action masker created
2025-11-24 09:52:40 - __main__ - INFO - Training pipeline initialized
2025-11-24 09:52:40 - __main__ - INFO - Starting training for 2 iterations...
2026-03-14 10:46:22 - __main__ - INFO - Logging initialized. Log file: runs/training.log
2026-03-14 10:46:22 - __main__ - INFO - Python version: 3.14.0 (main, Nov 21 2025, 10:23:23) [GCC 13.3.0]
2026-03-14 10:46:22 - __main__ - INFO - PyTorch version: 2.9.1+cu128
2026-03-14 10:46:22 - __main__ - INFO - CUDA available: True
2026-03-14 10:46:22 - __main__ - INFO - CUDA device: NVIDIA GeForce RTX 4060
2026-03-14 10:46:22 - __main__ - INFO - ================================================================================
2026-03-14 10:46:22 - __main__ - INFO - BlobMaster Training - AlphaZero Self-Play Pipeline
2026-03-14 10:46:22 - __main__ - INFO - ================================================================================
2026-03-14 10:46:22 - __main__ - INFO - Config saved to models/checkpoints/config.json
2026-03-14 10:46:22 - __main__ - INFO - Configuration validated successfully
2026-03-14 10:46:22 - __main__ - INFO - 
Training Configuration:
  Self-play: 100 games, 4 workers
  MCTS: 1 determinizations, 15 sims/det
  Training: batch=64, lr=0.001, epochs=2
  Evaluation: 50 games, threshold=0.55
  Network: 6 layers, 8 heads, dim=256
  Device: cuda, Mixed Precision: True
2026-03-14 10:46:22 - __main__ - INFO - Checkpoint directory: models/checkpoints
2026-03-14 10:46:22 - __main__ - INFO - Network created: 4,917,301 total parameters
2026-03-14 10:46:22 - __main__ - INFO - Trainable parameters: 4,917,301
2026-03-14 10:46:22 - __main__ - INFO - Network device: cuda
2026-03-14 10:46:22 - __main__ - INFO - State encoder and action masker created
2026-03-14 10:46:22 - __main__ - INFO - Training pipeline initialized
2026-03-14 10:46:22 - __main__ - INFO - Starting training for 1 iterations...
2026-03-14 11:08:34 - __main__ - INFO - Logging initialized. Log file: runs/training.log
2026-03-14 11:08:34 - __main__ - INFO - Python version: 3.14.0 (main, Nov 21 2025, 10:23:23) [GCC 13.3.0]
2026-03-14 11:08:34 - __main__ - INFO - PyTorch version: 2.9.1+cu128
2026-03-14 11:08:34 - __main__ - INFO - CUDA available: True
2026-03-14 11:08:34 - __main__ - INFO - CUDA device: NVIDIA GeForce RTX 4060
2026-03-14 11:08:34 - __main__ - INFO - ================================================================================
2026-03-14 11:08:34 - __main__ - INFO - BlobMaster Training - AlphaZero Self-Play Pipeline
2026-03-14 11:08:34 - __main__ - INFO - ================================================================================
2026-03-14 11:08:34 - __main__ - INFO - Config saved to models/checkpoints/config.json
2026-03-14 11:08:34 - __main__ - INFO - Configuration validated successfully
2026-03-14 11:08:34 - __main__ - INFO - 
Training Configuration:
  Self-play: 10000 games, 32 workers
  MCTS: 3 determinizations, 30 sims/det
  Training: batch=512, lr=0.001, epochs=10
  Evaluation: 400 games, threshold=0.55
  Network: 6 layers, 8 heads, dim=256
  Device: cuda, Mixed Precision: True
2026-03-14 11:08:34 - __main__ - INFO - Checkpoint directory: models/checkpoints
2026-03-14 11:08:34 - __main__ - INFO - Network created: 4,917,301 total parameters
2026-03-14 11:08:34 - __main__ - INFO - Trainable parameters: 4,917,301
2026-03-14 11:08:34 - __main__ - INFO - Network device: cuda
2026-03-14 11:08:34 - __main__ - INFO - State encoder and action masker created
2026-03-14 11:08:34 - __main__ - INFO - Training pipeline initialized
2026-03-14 11:08:34 - __main__ - INFO - Starting training for 500 iterations...
2026-03-14 18:07:38 - ml.training.trainer - INFO - Pause signal received at iteration 25 (displayed as 26). Last checkpoint saved at iteration 24.
2026-03-14 18:07:38 - ml.training.trainer - INFO - Cleaning up resources...
2026-03-14 18:07:38 - ml.training.trainer - INFO - Shutting down self-play workers...
2026-03-14 18:07:38 - __main__ - INFO - Training completed successfully!
2026-03-14 18:08:39 - __main__ - INFO - Logging initialized. Log file: runs/training.log
2026-03-14 18:08:39 - __main__ - INFO - Python version: 3.14.0 (main, Nov 21 2025, 10:23:23) [GCC 13.3.0]
2026-03-14 18:08:39 - __main__ - INFO - PyTorch version: 2.9.1+cu128
2026-03-14 18:08:39 - __main__ - INFO - CUDA available: True
2026-03-14 18:08:39 - __main__ - INFO - CUDA device: NVIDIA GeForce RTX 4060
2026-03-14 18:08:39 - __main__ - INFO - ================================================================================
2026-03-14 18:08:39 - __main__ - INFO - BlobMaster Training - AlphaZero Self-Play Pipeline
2026-03-14 18:08:39 - __main__ - INFO - ================================================================================
2026-03-14 18:08:39 - __main__ - INFO - Config saved to models/checkpoints/config.json
2026-03-14 18:08:39 - __main__ - INFO - Configuration validated successfully
2026-03-14 18:08:39 - __main__ - INFO - 
Training Configuration:
  Self-play: 10000 games, 32 workers
  MCTS: 3 determinizations, 30 sims/det
  Training: batch=512, lr=0.001, epochs=10
  Evaluation: 400 games, threshold=0.55
  Network: 6 layers, 8 heads, dim=256
  Device: cuda, Mixed Precision: True
2026-03-14 18:08:39 - __main__ - INFO - Checkpoint directory: models/checkpoints
2026-03-14 18:08:39 - __main__ - INFO - Network created: 4,917,301 total parameters
2026-03-14 18:08:39 - __main__ - INFO - Trainable parameters: 4,917,301
2026-03-14 18:08:39 - __main__ - INFO - Network device: cuda
2026-03-14 18:08:39 - __main__ - INFO - State encoder and action masker created
2026-03-14 18:08:39 - __main__ - INFO - Training pipeline initialized
2026-03-14 18:08:39 - __main__ - INFO - Starting training for 500 iterations...
2026-03-14 19:00:54 - ml.training.trainer - INFO - Pause signal received at iteration 25 (displayed as 26). Last checkpoint saved at iteration 24.
2026-03-14 19:00:54 - ml.training.trainer - INFO - Cleaning up resources...
2026-03-14 19:00:54 - ml.training.trainer - INFO - Shutting down self-play workers...
2026-03-14 19:00:56 - __main__ - INFO - Training completed successfully!
2026-03-14 19:02:15 - __main__ - INFO - Logging initialized. Log file: runs/training.log
2026-03-14 19:02:15 - __main__ - INFO - Python version: 3.14.0 (main, Nov 21 2025, 10:23:23) [GCC 13.3.0]
2026-03-14 19:02:15 - __main__ - INFO - PyTorch version: 2.9.1+cu128
2026-03-14 19:02:15 - __main__ - INFO - CUDA available: True
2026-03-14 19:02:15 - __main__ - INFO - CUDA device: NVIDIA GeForce RTX 4060
2026-03-14 19:02:15 - __main__ - INFO - ================================================================================
2026-03-14 19:02:15 - __main__ - INFO - BlobMaster Training - AlphaZero Self-Play Pipeline
2026-03-14 19:02:15 - __main__ - INFO - ================================================================================
2026-03-14 19:02:15 - __main__ - INFO - Config saved to models/checkpoints/config.json
2026-03-14 19:02:15 - __main__ - INFO - Configuration validated successfully
2026-03-14 19:02:15 - __main__ - INFO - 
Training Configuration:
  Self-play: 10000 games, 32 workers
  MCTS: 3 determinizations, 30 sims/det
  Training: batch=512, lr=0.001, epochs=10
  Evaluation: 400 games, threshold=0.55
  Network: 6 layers, 8 heads, dim=256
  Device: cuda, Mixed Precision: True
2026-03-14 19:02:15 - __main__ - INFO - Checkpoint directory: models/checkpoints
2026-03-14 19:02:16 - __main__ - INFO - Network created: 4,917,301 total parameters
2026-03-14 19:02:16 - __main__ - INFO - Trainable parameters: 4,917,301
2026-03-14 19:02:16 - __main__ - INFO - Network device: cuda
2026-03-14 19:02:16 - __main__ - INFO - State encoder and action masker created
2026-03-14 19:02:16 - __main__ - INFO - Training pipeline initialized
2026-03-14 19:02:16 - __main__ - INFO - Starting training for 500 iterations...
2026-03-14 19:02:16 - __main__ - ERROR - Training failed with error: Weights only load failed. In PyTorch 2.6, we changed the default value of the `weights_only` argument in `torch.load` from `False` to `True`. Re-running `torch.load` with `weights_only` set to `False` will likely succeed, but it can result in arbitrary code execution. Do it only if you got the file from a trusted source.
Please file an issue with the following so that we can make `weights_only=True` compatible with your use case: WeightsUnpickler error: 

Unsupported operand 112

Check the documentation of torch.load to learn more about types accepted by default with weights_only https://pytorch.org/docs/stable/generated/torch.load.html.
Traceback (most recent call last):
  File "/home/kbuntu/Documents/Github/BlobMaster/ml/train.py", line 320, in run_training_pipeline
    pipeline.run_training(
    ~~~~~~~~~~~~~~~~~~~~~^
        num_iterations=num_iterations,
        ^^^^^^^^^^^^^^^^^^^^^^^^^^^^^^
        resume_from=resume_from,
        ^^^^^^^^^^^^^^^^^^^^^^^^
    )
    ^
  File "/home/kbuntu/Documents/Github/BlobMaster/ml/training/trainer.py", line 790, in run_training
    self._resume_from_checkpoint(resume_from)
    ~~~~~~~~~~~~~~~~~~~~~~~~~~~~^^^^^^^^^^^^^
  File "/home/kbuntu/Documents/Github/BlobMaster/ml/training/trainer.py", line 1685, in _resume_from_checkpoint
    metadata = self.trainer.load_checkpoint(checkpoint_path)
  File "/home/kbuntu/Documents/Github/BlobMaster/ml/training/trainer.py", line 361, in load_checkpoint
    checkpoint = torch.load(filepath, map_location=self.device)
  File "/home/kbuntu/Documents/Github/BlobMaster/venv/lib/python3.14/site-packages/torch/serialization.py", line 1553, in load
    raise pickle.UnpicklingError(_get_wo_message(str(e))) from None
_pickle.UnpicklingError: Weights only load failed. In PyTorch 2.6, we changed the default value of the `weights_only` argument in `torch.load` from `False` to `True`. Re-running `torch.load` with `weights_only` set to `False` will likely succeed, but it can result in arbitrary code execution. Do it only if you got the file from a trusted source.
Please file an issue with the following so that we can make `weights_only=True` compatible with your use case: WeightsUnpickler error: 

Unsupported operand 112

Check the documentation of torch.load to learn more about types accepted by default with weights_only https://pytorch.org/docs/stable/generated/torch.load.html.
2026-03-14 19:03:44 - __main__ - INFO - Logging initialized. Log file: runs/training.log
2026-03-14 19:03:44 - __main__ - INFO - Python version: 3.14.0 (main, Nov 21 2025, 10:23:23) [GCC 13.3.0]
2026-03-14 19:03:44 - __main__ - INFO - PyTorch version: 2.9.1+cu128
2026-03-14 19:03:44 - __main__ - INFO - CUDA available: True
2026-03-14 19:03:44 - __main__ - INFO - CUDA device: NVIDIA GeForce RTX 4060
2026-03-14 19:03:44 - __main__ - INFO - ================================================================================
2026-03-14 19:03:44 - __main__ - INFO - BlobMaster Training - AlphaZero Self-Play Pipeline
2026-03-14 19:03:44 - __main__ - INFO - ================================================================================
2026-03-14 19:03:44 - __main__ - INFO - Config saved to models/checkpoints/config.json
2026-03-14 19:03:44 - __main__ - INFO - Configuration validated successfully
2026-03-14 19:03:44 - __main__ - INFO - 
Training Configuration:
  Self-play: 10000 games, 32 workers
  MCTS: 3 determinizations, 30 sims/det
  Training: batch=512, lr=0.001, epochs=10
  Evaluation: 400 games, threshold=0.55
  Network: 6 layers, 8 heads, dim=256
  Device: cuda, Mixed Precision: True
2026-03-14 19:03:44 - __main__ - INFO - Checkpoint directory: models/checkpoints
2026-03-14 19:03:44 - __main__ - INFO - Network created: 4,917,301 total parameters
2026-03-14 19:03:44 - __main__ - INFO - Trainable parameters: 4,917,301
2026-03-14 19:03:44 - __main__ - INFO - Network device: cuda
2026-03-14 19:03:44 - __main__ - INFO - State encoder and action masker created
2026-03-14 19:03:45 - __main__ - INFO - Training pipeline initialized
2026-03-14 19:03:45 - __main__ - INFO - Starting training for 500 iterations...
2026-03-14 19:03:45 - __main__ - ERROR - Training failed with error: pickle data was truncated
Traceback (most recent call last):
  File "/home/kbuntu/Documents/Github/BlobMaster/ml/train.py", line 320, in run_training_pipeline
    pipeline.run_training(
    ~~~~~~~~~~~~~~~~~~~~~^
        num_iterations=num_iterations,
        ^^^^^^^^^^^^^^^^^^^^^^^^^^^^^^
        resume_from=resume_from,
        ^^^^^^^^^^^^^^^^^^^^^^^^
    )
    ^
  File "/home/kbuntu/Documents/Github/BlobMaster/ml/training/trainer.py", line 790, in run_training
    self._resume_from_checkpoint(resume_from)
    ~~~~~~~~~~~~~~~~~~~~~~~~~~~~^^^^^^^^^^^^^
  File "/home/kbuntu/Documents/Github/BlobMaster/ml/training/trainer.py", line 1685, in _resume_from_checkpoint
    metadata = self.trainer.load_checkpoint(checkpoint_path)
  File "/home/kbuntu/Documents/Github/BlobMaster/ml/training/trainer.py", line 361, in load_checkpoint
    checkpoint = torch.load(filepath, map_location=self.device, weights_only=False)
  File "/home/kbuntu/Documents/Github/BlobMaster/venv/lib/python3.14/site-packages/torch/serialization.py", line 1554, in load
    return _legacy_load(
        opened_file, map_location, pickle_module, **pickle_load_args
    )
  File "/home/kbuntu/Documents/Github/BlobMaster/venv/lib/python3.14/site-packages/torch/serialization.py", line 1802, in _legacy_load
    magic_number = pickle_module.load(f, **pickle_load_args)
_pickle.UnpicklingError: pickle data was truncated
2026-03-14 19:04:02 - __main__ - INFO - Logging initialized. Log file: runs/training.log
2026-03-14 19:04:02 - __main__ - INFO - Python version: 3.14.0 (main, Nov 21 2025, 10:23:23) [GCC 13.3.0]
2026-03-14 19:04:02 - __main__ - INFO - PyTorch version: 2.9.1+cu128
2026-03-14 19:04:02 - __main__ - INFO - CUDA available: True
2026-03-14 19:04:02 - __main__ - INFO - CUDA device: NVIDIA GeForce RTX 4060
2026-03-14 19:04:02 - __main__ - INFO - ================================================================================
2026-03-14 19:04:02 - __main__ - INFO - BlobMaster Training - AlphaZero Self-Play Pipeline
2026-03-14 19:04:02 - __main__ - INFO - ================================================================================
2026-03-14 19:04:02 - __main__ - INFO - Config saved to models/checkpoints/config.json
2026-03-14 19:04:02 - __main__ - INFO - Configuration validated successfully
2026-03-14 19:04:02 - __main__ - INFO - 
Training Configuration:
  Self-play: 10000 games, 32 workers
  MCTS: 3 determinizations, 30 sims/det
  Training: batch=512, lr=0.001, epochs=10
  Evaluation: 400 games, threshold=0.55
  Network: 6 layers, 8 heads, dim=256
  Device: cuda, Mixed Precision: True
2026-03-14 19:04:02 - __main__ - INFO - Checkpoint directory: models/checkpoints
2026-03-14 19:04:02 - __main__ - INFO - Network created: 4,917,301 total parameters
2026-03-14 19:04:02 - __main__ - INFO - Trainable parameters: 4,917,301
2026-03-14 19:04:02 - __main__ - INFO - Network device: cuda
2026-03-14 19:04:02 - __main__ - INFO - State encoder and action masker created
2026-03-14 19:04:02 - __main__ - INFO - Training pipeline initialized
2026-03-14 19:04:02 - __main__ - INFO - Starting training for 500 iterations...
2026-03-14 19:04:02 - __main__ - ERROR - Training failed with error: pickle data was truncated
Traceback (most recent call last):
  File "/home/kbuntu/Documents/Github/BlobMaster/ml/train.py", line 320, in run_training_pipeline
    pipeline.run_training(
    ~~~~~~~~~~~~~~~~~~~~~^
        num_iterations=num_iterations,
        ^^^^^^^^^^^^^^^^^^^^^^^^^^^^^^
        resume_from=resume_from,
        ^^^^^^^^^^^^^^^^^^^^^^^^
    )
    ^
  File "/home/kbuntu/Documents/Github/BlobMaster/ml/training/trainer.py", line 790, in run_training
    self._resume_from_checkpoint(resume_from)
    ~~~~~~~~~~~~~~~~~~~~~~~~~~~~^^^^^^^^^^^^^
  File "/home/kbuntu/Documents/Github/BlobMaster/ml/training/trainer.py", line 1685, in _resume_from_checkpoint
    metadata = self.trainer.load_checkpoint(checkpoint_path)
  File "/home/kbuntu/Documents/Github/BlobMaster/ml/training/trainer.py", line 361, in load_checkpoint
    checkpoint = torch.load(filepath, map_location=self.device, weights_only=False)
  File "/home/kbuntu/Documents/Github/BlobMaster/venv/lib/python3.14/site-packages/torch/serialization.py", line 1554, in load
    return _legacy_load(
        opened_file, map_location, pickle_module, **pickle_load_args
    )
  File "/home/kbuntu/Documents/Github/BlobMaster/venv/lib/python3.14/site-packages/torch/serialization.py", line 1802, in _legacy_load
    magic_number = pickle_module.load(f, **pickle_load_args)
_pickle.UnpicklingError: pickle data was truncated
2026-03-14 19:07:56 - __main__ - INFO - Logging initialized. Log file: runs/training.log
2026-03-14 19:07:56 - __main__ - INFO - Python version: 3.14.0 (main, Nov 21 2025, 10:23:23) [GCC 13.3.0]
2026-03-14 19:07:56 - __main__ - INFO - PyTorch version: 2.9.1+cu128
2026-03-14 19:07:56 - __main__ - INFO - CUDA available: True
2026-03-14 19:07:56 - __main__ - INFO - CUDA device: NVIDIA GeForce RTX 4060
2026-03-14 19:07:56 - __main__ - INFO - ================================================================================
2026-03-14 19:07:56 - __main__ - INFO - BlobMaster Training - AlphaZero Self-Play Pipeline
2026-03-14 19:07:56 - __main__ - INFO - ================================================================================
2026-03-14 19:07:56 - __main__ - INFO - Config saved to models/checkpoints/config.json
2026-03-14 19:07:56 - __main__ - INFO - Configuration validated successfully
2026-03-14 19:07:56 - __main__ - INFO - 
Training Configuration:
  Self-play: 10000 games, 32 workers
  MCTS: 3 determinizations, 30 sims/det
  Training: batch=512, lr=0.001, epochs=10
  Evaluation: 400 games, threshold=0.55
  Network: 6 layers, 8 heads, dim=256
  Device: cuda, Mixed Precision: True
2026-03-14 19:07:56 - __main__ - INFO - Checkpoint directory: models/checkpoints
2026-03-14 19:07:56 - __main__ - INFO - Network created: 4,917,301 total parameters
2026-03-14 19:07:56 - __main__ - INFO - Trainable parameters: 4,917,301
2026-03-14 19:07:56 - __main__ - INFO - Network device: cuda
2026-03-14 19:07:56 - __main__ - INFO - State encoder and action masker created
2026-03-14 19:07:56 - __main__ - INFO - Training pipeline initialized
2026-03-14 19:07:56 - __main__ - INFO - Starting training for 500 iterations...
2026-03-14 19:19:51 - ml.training.trainer - INFO - Rotating out old cache checkpoint: 20260314-Blobmaster-v1-32w-rounds-1x15-iter021.pth (56.4MB)
2026-03-14 19:23:24 - ml.training.trainer - INFO - Rotating out old cache checkpoint: 20260314-Blobmaster-v1-32w-rounds-1x15-iter022.pth (56.4MB)
2026-03-14 19:27:26 - ml.training.trainer - INFO - Rotating out old cache checkpoint: 20260314-Blobmaster-v1-32w-rounds-1x15-iter023.pth (56.4MB)
2026-03-14 19:36:55 - ml.training.trainer - INFO - Rotating out old cache checkpoint: 20260314-Blobmaster-v1-32w-rounds-1x15-iter025.pth (56.4MB)
2026-03-14 19:42:08 - ml.training.trainer - INFO - Rotating out old cache checkpoint: 20260314-Blobmaster-v1-32w-rounds-1x15-iter026.pth (56.4MB)
2026-03-14 19:47:23 - ml.training.trainer - INFO - Rotating out old cache checkpoint: 20260314-Blobmaster-v1-32w-rounds-1x15-iter027.pth (56.4MB)
2026-03-14 19:52:43 - ml.training.trainer - INFO - Rotating out old cache checkpoint: 20260314-Blobmaster-v1-32w-rounds-1x15-iter028.pth (56.4MB)
2026-03-14 20:03:08 - ml.training.trainer - INFO - Rotating out old cache checkpoint: 20260314-Blobmaster-v1-32w-rounds-1x15-iter030.pth (56.4MB)
2026-03-14 20:08:26 - ml.training.trainer - INFO - Rotating out old cache checkpoint: 20260314-Blobmaster-v1-32w-rounds-1x15-iter031.pth (56.4MB)
2026-03-14 20:13:47 - ml.training.trainer - INFO - Rotating out old cache checkpoint: 20260314-Blobmaster-v1-32w-rounds-1x15-iter032.pth (56.4MB)
2026-03-14 20:13:47 - ml.training.trainer - INFO - Pause signal received at iteration 38 (displayed as 39). Last checkpoint saved at iteration 37.
2026-03-14 20:13:47 - ml.training.trainer - INFO - Cleaning up resources...
2026-03-14 20:13:47 - ml.training.trainer - INFO - Shutting down self-play workers...
2026-03-14 20:13:48 - __main__ - INFO - Training completed successfully!
